Archive member included to satisfy reference by file (symbol)

D:/down/STM32CubeIDE_1.19.0/STM32CubeIDE/plugins/com.st.stm32cube.ide.mcu.externaltools.gnu-tools-for-stm32.13.3.rel1.win32_1.0.0.202411081344/tools/bin/../lib/gcc/arm-none-eabi/13.3.1/../../../../arm-none-eabi/lib/thumb/v7-m/nofp\libc_nano.a(libc_a-exit.o)
                              D:/down/STM32CubeIDE_1.19.0/STM32CubeIDE/plugins/com.st.stm32cube.ide.mcu.externaltools.gnu-tools-for-stm32.13.3.rel1.win32_1.0.0.202411081344/tools/bin/../lib/gcc/arm-none-eabi/13.3.1/../../../../arm-none-eabi/lib/thumb/v7-m/nofp/crt0.o (exit)
D:/down/STM32CubeIDE_1.19.0/STM32CubeIDE/plugins/com.st.stm32cube.ide.mcu.externaltools.gnu-tools-for-stm32.13.3.rel1.win32_1.0.0.202411081344/tools/bin/../lib/gcc/arm-none-eabi/13.3.1/../../../../arm-none-eabi/lib/thumb/v7-m/nofp\libc_nano.a(libc_a-findfp.o)
                              D:/down/STM32CubeIDE_1.19.0/STM32CubeIDE/plugins/com.st.stm32cube.ide.mcu.externaltools.gnu-tools-for-stm32.13.3.rel1.win32_1.0.0.202411081344/tools/bin/../lib/gcc/arm-none-eabi/13.3.1/../../../../arm-none-eabi/lib/thumb/v7-m/nofp\libc_nano.a(libc_a-exit.o) (__stdio_exit_handler)
D:/down/STM32CubeIDE_1.19.0/STM32CubeIDE/plugins/com.st.stm32cube.ide.mcu.externaltools.gnu-tools-for-stm32.13.3.rel1.win32_1.0.0.202411081344/tools/bin/../lib/gcc/arm-none-eabi/13.3.1/../../../../arm-none-eabi/lib/thumb/v7-m/nofp\libc_nano.a(libc_a-fwalk.o)
                              D:/down/STM32CubeIDE_1.19.0/STM32CubeIDE/plugins/com.st.stm32cube.ide.mcu.externaltools.gnu-tools-for-stm32.13.3.rel1.win32_1.0.0.202411081344/tools/bin/../lib/gcc/arm-none-eabi/13.3.1/../../../../arm-none-eabi/lib/thumb/v7-m/nofp\libc_nano.a(libc_a-findfp.o) (_fwalk_sglue)
D:/down/STM32CubeIDE_1.19.0/STM32CubeIDE/plugins/com.st.stm32cube.ide.mcu.externaltools.gnu-tools-for-stm32.13.3.rel1.win32_1.0.0.202411081344/tools/bin/../lib/gcc/arm-none-eabi/13.3.1/../../../../arm-none-eabi/lib/thumb/v7-m/nofp\libc_nano.a(libc_a-stdio.o)
                              D:/down/STM32CubeIDE_1.19.0/STM32CubeIDE/plugins/com.st.stm32cube.ide.mcu.externaltools.gnu-tools-for-stm32.13.3.rel1.win32_1.0.0.202411081344/tools/bin/../lib/gcc/arm-none-eabi/13.3.1/../../../../arm-none-eabi/lib/thumb/v7-m/nofp\libc_nano.a(libc_a-findfp.o) (__sread)
D:/down/STM32CubeIDE_1.19.0/STM32CubeIDE/plugins/com.st.stm32cube.ide.mcu.externaltools.gnu-tools-for-stm32.13.3.rel1.win32_1.0.0.202411081344/tools/bin/../lib/gcc/arm-none-eabi/13.3.1/../../../../arm-none-eabi/lib/thumb/v7-m/nofp\libc_nano.a(libc_a-memset.o)
                              D:/down/STM32CubeIDE_1.19.0/STM32CubeIDE/plugins/com.st.stm32cube.ide.mcu.externaltools.gnu-tools-for-stm32.13.3.rel1.win32_1.0.0.202411081344/tools/bin/../lib/gcc/arm-none-eabi/13.3.1/../../../../arm-none-eabi/lib/thumb/v7-m/nofp/crt0.o (memset)
D:/down/STM32CubeIDE_1.19.0/STM32CubeIDE/plugins/com.st.stm32cube.ide.mcu.externaltools.gnu-tools-for-stm32.13.3.rel1.win32_1.0.0.202411081344/tools/bin/../lib/gcc/arm-none-eabi/13.3.1/../../../../arm-none-eabi/lib/thumb/v7-m/nofp\libc_nano.a(libc_a-closer.o)
                              D:/down/STM32CubeIDE_1.19.0/STM32CubeIDE/plugins/com.st.stm32cube.ide.mcu.externaltools.gnu-tools-for-stm32.13.3.rel1.win32_1.0.0.202411081344/tools/bin/../lib/gcc/arm-none-eabi/13.3.1/../../../../arm-none-eabi/lib/thumb/v7-m/nofp\libc_nano.a(libc_a-stdio.o) (_close_r)
D:/down/STM32CubeIDE_1.19.0/STM32CubeIDE/plugins/com.st.stm32cube.ide.mcu.externaltools.gnu-tools-for-stm32.13.3.rel1.win32_1.0.0.202411081344/tools/bin/../lib/gcc/arm-none-eabi/13.3.1/../../../../arm-none-eabi/lib/thumb/v7-m/nofp\libc_nano.a(libc_a-reent.o)
                              D:/down/STM32CubeIDE_1.19.0/STM32CubeIDE/plugins/com.st.stm32cube.ide.mcu.externaltools.gnu-tools-for-stm32.13.3.rel1.win32_1.0.0.202411081344/tools/bin/../lib/gcc/arm-none-eabi/13.3.1/../../../../arm-none-eabi/lib/thumb/v7-m/nofp\libc_nano.a(libc_a-closer.o) (errno)
D:/down/STM32CubeIDE_1.19.0/STM32CubeIDE/plugins/com.st.stm32cube.ide.mcu.externaltools.gnu-tools-for-stm32.13.3.rel1.win32_1.0.0.202411081344/tools/bin/../lib/gcc/arm-none-eabi/13.3.1/../../../../arm-none-eabi/lib/thumb/v7-m/nofp\libc_nano.a(libc_a-impure.o)
                              D:/down/STM32CubeIDE_1.19.0/STM32CubeIDE/plugins/com.st.stm32cube.ide.mcu.externaltools.gnu-tools-for-stm32.13.3.rel1.win32_1.0.0.202411081344/tools/bin/../lib/gcc/arm-none-eabi/13.3.1/../../../../arm-none-eabi/lib/thumb/v7-m/nofp\libc_nano.a(libc_a-reent.o) (_impure_ptr)
D:/down/STM32CubeIDE_1.19.0/STM32CubeIDE/plugins/com.st.stm32cube.ide.mcu.externaltools.gnu-tools-for-stm32.13.3.rel1.win32_1.0.0.202411081344/tools/bin/../lib/gcc/arm-none-eabi/13.3.1/../../../../arm-none-eabi/lib/thumb/v7-m/nofp\libc_nano.a(libc_a-lseekr.o)
[...]
Memory Configuration

Name             Origin             Length             Attributes
RAM              0x20000000         0x00005000         xrw
FLASH            0x08000000         0x00010000         xr
*default*        0x00000000         0xffffffff

Linker script and memory map

LOAD D:/down/STM32CubeIDE_1.19.0/STM32CubeIDE/plugins/com.st.stm32cube.ide.mcu.externaltools.gnu-tools-for-stm32.13.3.rel1.win32_1.0.0.202411081344/tools/bin/../lib/gcc/arm-none-eabi/13.3.1/thumb/v7-m/nofp/crti.o
LOAD D:/down/STM32CubeIDE_1.19.0/STM32CubeIDE/plugins/com.st.stm32cube.ide.mcu.externaltools.gnu-tools-for-stm32.13.3.rel1.win32_1.0.0.202411081344/tools/bin/../lib/gcc/arm-none-eabi/13.3.1/thumb/v7-m/nofp/crtbegin.o
LOAD D:/down/STM32CubeIDE_1.19.0/STM32CubeIDE/plugins/com.st.stm32cube.ide.mcu.externaltools.gnu-tools-for-stm32.13.3.rel1.win32_1.0.0.202411081344/tools/bin/../lib/gcc/arm-none-eabi/13.3.1/../../../../arm-none-eabi/lib/thumb/v7-m/nofp/crt0.o
LOAD ./Core/Src/BMS_ADC.o
LOAD ./Core/Src/BMS_CAN.o
LOAD ./Core/Src/Scheduler.o
LOAD ./Core/Src/Shared_Data.o
LOAD ./Core/Src/Task_CAN.o
LOAD ./Core/Src/Task_Sleep.o
LOAD ./Core/Src/Task_Temperature.o
LOAD ./Core/Src/Task_Voltage.o
LOAD ./Core/Src/ds18b20.o
LOAD ./Core/Src/main.o
LOAD ./Core/Src/stm32f1xx_hal_msp.o
LOAD ./Core/Src/stm32f1xx_it.o
LOAD ./Core/Src/syscalls.o
LOAD ./Core/Src/sysmem.o
LOAD ./Core/Src/system_stm32f1xx.o
LOAD ./Core/Startup/startup_stm32f103c8tx.o
LOAD ./Drivers/STM32F1xx_HAL_Driver/Src/stm32f1xx_hal.o
LOAD ./Drivers/STM32F1xx_HAL_Driver/Src/stm32f1xx_hal_adc.o
LOAD ./Drivers/STM32F1xx_HAL_Driver/Src/stm32f1xx_hal_adc_ex.o
LOAD ./Drivers/STM32F1xx_HAL_Driver/Src/stm32f1xx_hal_can.o
LOAD ./Drivers/STM32F1xx_HAL_Driver/Src/stm32f1xx_hal_cortex.o
LOAD ./Drivers/STM32F1xx_HAL_Driver/Src/stm32f1xx_hal_dma.o
LOAD ./Drivers/STM32F1xx_HAL_Driver/Src/stm32f1xx_hal_exti.o
LOAD ./Drivers/STM32F1xx_HAL_Driver/Src/stm32f1xx_hal_flash.o
LOAD ./Drivers/STM32F1xx_HAL_Driver/Src/stm32f1xx_hal_flash_ex.o
LOAD ./Drivers/STM32F1xx_HAL_Driver/Src/stm32f1xx_hal_gpio.o
LOAD ./Drivers/STM32F1xx_HAL_Driver/Src/stm32f1xx_hal_gpio_ex.o
LOAD ./Drivers/STM32F1xx_HAL_Driver/Src/stm32f1xx_hal_pwr.o
LOAD ./Drivers/STM32F1xx_HAL_Driver/Src/stm32f1xx_hal_rcc.o
LOAD ./Drivers/STM32F1xx_HAL_Driver/Src/stm32f1xx_hal_rcc_ex.o
LOAD ./Drivers/STM32F1xx_HAL_Driver/Src/stm32f1xx_hal_tim.o
LOAD ./Drivers/STM32F1xx_HAL_Driver/Src/stm32f1xx_hal_tim_ex.o
START GROUP
LOAD D:/down/STM32CubeIDE_1.19.0/STM32CubeIDE/plugins/com.st.stm32cube.ide.mcu.externaltools.gnu-tools-for-stm32.13.3.rel1.win32_1.0.0.202411081344/tools/bin/../lib/gcc/arm-none-eabi/13.3.1/../../../../arm-none-eabi/lib/thumb/v7-m/nofp\libc_nano.a
LOAD D:/down/STM32CubeIDE_1.19.0/STM32CubeIDE/plugins/com.st.stm32cube.ide.mcu.externaltools.gnu-tools-for-stm32.13.3.rel1.win32_1.0.0.202411081344/tools/bin/../lib/gcc/arm-none-eabi/13.3.1/../../../../arm-none-eabi/lib/thumb/v7-m/nofp\libm.a
END GROUP
START GROUP
LOAD D:/down/STM32CubeIDE_1.19.0/STM32CubeIDE/plugins/com.st.stm32cube.ide.mcu.externaltools.gnu-tools-for-stm32.13.3.rel1.win32_1.0.0.202411081344/tools/bin/../lib/gcc/arm-none-eabi/13.3.1/thumb/v7-m/nofp\libgcc.a
LOAD D:/down/STM32CubeIDE_1.19.0/STM32CubeIDE/plugins/com.st.stm32cube.ide.mcu.externaltools.gnu-tools-for-stm32.13.3.rel1.win32_1.0.0.202411081344/tools/bin/../lib/gcc/arm-none-eabi/13.3.1/../../../../arm-none-eabi/lib/thumb/v7-m/nofp\libc_nano.a
END GROUP
START GROUP
LOAD D:/down/STM32CubeIDE_1.19.0/STM32CubeIDE/plugins/com.st.stm32cube.ide.mcu.externaltools.gnu-tools-for-stm32.13.3.rel1.win32_1.0.0.202411081344/tools/bin/../lib/gcc/arm-none-eabi/13.3.1/thumb/v7-m/nofp\libgcc.a
LOAD D:/down/STM32CubeIDE_1.19.0/STM32CubeIDE/plugins/com.st.stm32cube.ide.mcu.externaltools.gnu-tools-for-stm32.13.3.rel1.win32_1.0.0.202411081344/tools/bin/../lib/gcc/arm-none-eabi/13.3.1/../../../../arm-none-eabi/lib/thumb/v7-m/nofp\libc_nano.a
LOAD D:/down/STM32CubeIDE_1.19.0/STM32CubeIDE/plugins/com.st.stm32cube.ide.mcu.externaltools.gnu-tools-for-stm32.13.3.rel1.win32_1.0.0.202411081344/tools/bin/../lib/gcc/arm-none-eabi/13.3.1/../../../../arm-none-eabi/lib/thumb/v7-m/nofp\libnosys.a
END GROUP
START GROUP
LOAD D:/down/STM32CubeIDE_1.19.0/STM32CubeIDE/plugins/com.st.stm32cube.ide.mcu.externaltools.gnu-tools-for-stm32.13.3.rel1.win32_1.0.0.202411081344/tools/bin/../lib/gcc/arm-none-eabi/13.3.1/thumb/v7-m/nofp\libgcc.a
LOAD D:/down/STM32CubeIDE_1.19.0/STM32CubeIDE/plugins/com.st.stm32cube.ide.mcu.externaltools.gnu-tools-for-stm32.13.3.rel1.win32_1.0.0.202411081344/tools/bin/../lib/gcc/arm-none-eabi/13.3.1/../../../../arm-none-eabi/lib/thumb/v7-m/nofp\libc_nano.a
LOAD D:/down/STM32CubeIDE_1.19.0/STM32CubeIDE/plugins/com.st.stm32cube.ide.mcu.externaltools.gnu-tools-for-stm32.13.3.rel1.win32_1.0.0.202411081344/tools/bin/../lib/gcc/arm-none-eabi/13.3.1/../../../../arm-none-eabi/lib/thumb/v7-m/nofp\libnosys.a
END GROUP
LOAD D:/down/STM32CubeIDE_1.19.0/STM32CubeIDE/plugins/com.st.stm32cube.ide.mcu.externaltools.gnu-tools-for-stm32.13.3.rel1.win32_1.0.0.202411081344/tools/bin/../lib/gcc/arm-none-eabi/13.3.1/thumb/v7-m/nofp/crtend.o
LOAD D:/down/STM32CubeIDE_1.19.0/STM32CubeIDE/plugins/com.st.stm32cube.ide.mcu.externaltools.gnu-tools-for-stm32.13.3.rel1.win32_1.0.0.202411081344/tools/bin/../lib/gcc/arm-none-eabi/13.3.1/thumb/v7-m/nofp/crtn.o
                0x20005000                        _estack = (ORIGIN (RAM) + LENGTH (RAM))
                0x00000200                        _Min_Heap_Size = 0x200
                0x00000400                        _Min_Stack_Size = 0x400

.isr_vector     0x08000000      0x10c
                0x08000000                        . = ALIGN (0x4)
 *(.isr_vector)
 .isr_vector    0x08000000      0x10c ./Core/Startup/startup_stm32f103c8tx.o
                0x08000000                g_pfnVectors
                0x0800010c                        . = ALIGN (0x4)

.text           0x0800010c     0x4a74
                0x0800010c                        . = ALIGN (0x4)
 *(.text)
 .text          0x0800010c       0x40 D:/down/STM32CubeIDE_1.19.0/STM32CubeIDE/plugins/com.st.stm32cube.ide.mcu.externaltools.gnu-tools-for-stm32.13.3.rel1.win32_1.0.0.202411081344/tools/bin/../lib/gcc/arm-none-eabi/13.3.1/thumb/v7-m/nofp/crtbegin.o
 .text          0x0800014c      0x21c D:/down/STM32CubeIDE_1.19.0/STM32CubeIDE/plugins/com.st.stm32cube.ide.mcu.externaltools.gnu-tools-for-stm32.13.3.rel1.win32_1.0.0.202411081344/tools/bin/../lib/gcc/arm-none-eabi/13.3.1/thumb/v7-m/nofp\libgcc.a(_arm_addsubsf3.o)
                0x0800014c                __aeabi_frsub
                0x08000154                __subsf3
                0x08000154                __aeabi_fsub
                0x08000158                __aeabi_fadd
                0x08000158                __addsf3
                0x080002b8                __aeabi_ui2f
                0x080002b8                __floatunsisf
                0x080002c0                __aeabi_i2f
                0x080002c0                __floatsisf
                0x080002dc                __aeabi_ul2f
                0x080002dc                __floatundisf
                0x080002ec                __aeabi_l2f
                0x080002ec                __floatdisf
 .text          0x08000368      0x2a0 D:/down/STM32CubeIDE_1.19.0/STM32CubeIDE/plugins/com.st.stm32cube.ide.mcu.externaltools.gnu-tools-for-stm32.13.3.rel1.win32_1.0.0.202411081344/tools/bin/../lib/gcc/arm-none-eabi/13.3.1/thumb/v7-m/nofp\libgcc.a(_arm_muldivsf3.o)
                0x08000368                __mulsf3
                0x08000368                __aeabi_fmul
                0x080004d0                __aeabi_fdiv
                0x080004d0                __divsf3
 .text          0x08000608       0xec D:/down/STM32CubeIDE_1.19.0/STM32CubeIDE/plugins/com.st.stm32cube.ide.mcu.externaltools.gnu-tools-for-stm32.13.3.rel1.win32_1.0.0.202411081344/tools/bin/../lib/gcc/arm-none-eabi/13.3.1/thumb/v7-m/nofp\libgcc.a(_arm_cmpsf2.o)
                0x08000608                __gesf2
                0x08000608                __gtsf2
                0x08000610                __lesf2
                0x08000610                __ltsf2
                0x08000618                __nesf2
                0x08000618                __eqsf2
                0x08000618                __cmpsf2
                0x08000678                __aeabi_cfrcmple
                0x08000680                __aeabi_cfcmpeq
                0x08000680                __aeabi_cfcmple
                0x08000690                __aeabi_fcmpeq
                0x080006a4                __aeabi_fcmplt
                0x080006b8                __aeabi_fcmple
                0x080006cc                __aeabi_fcmpge
                0x080006e0                __aeabi_fcmpgt
 .text          0x080006f4       0x4c D:/down/STM32CubeIDE_1.19.0/STM32CubeIDE/plugins/com.st.stm32cube.ide.mcu.externaltools.gnu-tools-for-stm32.13.3.rel1.win32_1.0.0.202411081344/tools/bin/../lib/gcc/arm-none-eabi/13.3.1/thumb/v7-m/nofp\libgcc.a(_arm_fixsfsi.o)
                0x080006f4                __aeabi_f2iz
                0x080006f4                __fixsfsi
 .text          0x08000740       0x40 D:/down/STM32CubeIDE_1.19.0/STM32CubeIDE/plugins/com.st.stm32cube.ide.mcu.externaltools.gnu-tools-for-stm32.13.3.rel1.win32_1.0.0.202411081344/tools/bin/../lib/gcc/arm-none-eabi/13.3.1/thumb/v7-m/nofp\libgcc.a(_arm_fixunssfsi.o)
                0x08000740                __fixunssfsi
                0x08000740                __aeabi_f2uiz
 *(.text*)
 .text.BMS_ADC_Init
                0x08000780       0x1c ./Core/Src/BMS_ADC.o
                0x08000780                BMS_ADC_Init
 .text.BMS_ADC_GetVoltage
                0x0800079c       0xf4 ./Core/Src/BMS_ADC.o
                0x0800079c                BMS_ADC_GetVoltage
 .text.BMS_CAN_Init
                0x08000890       0x34 ./Core/Src/BMS_CAN.o
                0x08000890                BMS_CAN_Init
 .text.BMS_CAN_InitRx
                0x080008c4       0x5c ./Core/Src/BMS_CAN.o
                0x080008c4                BMS_CAN_InitRx
 .text.HAL_CAN_RxFifo0MsgPendingCallback
                0x08000920       0x38 ./Core/Src/BMS_CAN.o
                0x08000920                HAL_CAN_RxFifo0MsgPendingCallback
 .text.BMS_CAN_Transmit
                0x08000958       0x68 ./Core/Src/BMS_CAN.o
                0x08000958                BMS_CAN_Transmit
 .text.SCH_Init
                0x080009c0       0x34 ./Core/Src/Scheduler.o
                0x080009c0                SCH_Init
 .text.SCH_Update
                0x080009f4       0x80 ./Core/Src/Scheduler.o
                0x080009f4                SCH_Update
 .text.SCH_Add_Task
                0x08000a74      0x1b4 ./Core/Src/Scheduler.o
                0x08000a74                SCH_Add_Task
 .text.SCH_Delete_Task
                0x08000c28       0x70 ./Core/Src/Scheduler.o
                0x08000c28                SCH_Delete_Task
 .text.SCH_Dispatch
                0x08000c98       0xcc ./Core/Src/Scheduler.o
                0x08000c98                SCH_Dispatch
 .text.BMS_Data_SetVoltage
                0x08000d64       0x2c ./Core/Src/Shared_Data.o
                0x08000d64                BMS_Data_SetVoltage
 .text.BMS_Data_SetTemp
                0x08000d90       0x2c ./Core/Src/Shared_Data.o
                0x08000d90                BMS_Data_SetTemp
 .text.BMS_Data_GetSnapshot
                0x08000dbc       0x80 ./Core/Src/Shared_Data.o
                0x08000dbc                BMS_Data_GetSnapshot
 .text.Task_CAN_Run
                0x08000e3c       0xb4 ./Core/Src/Task_CAN.o
                0x08000e3c                Task_CAN_Run
 .text.Task_Temperature_Run
                0x08000ef0       0x54 ./Core/Src/Task_Temperature.o
                0x08000ef0                Task_Temperature_Run
 .text.Task_Voltage_Run
                0x08000f44       0x58 ./Core/Src/Task_Voltage.o
                0x08000f44                Task_Voltage_Run
 .text.delay_us
                0x08000f9c       0x30 ./Core/Src/ds18b20.o
                0x08000f9c                delay_us
 .text.DS18B20_Init
                0x08000fcc       0x20 ./Core/Src/ds18b20.o
                0x08000fcc                DS18B20_Init
 .text.DS18B20_Start
                0x08000fec       0x5c ./Core/Src/ds18b20.o
                0x08000fec                DS18B20_Start
 .text.DS18B20_Write
                0x08001048       0x7c ./Core/Src/ds18b20.o
                0x08001048                DS18B20_Write
 .text.DS18B20_Read
                0x080010c4       0x74 ./Core/Src/ds18b20.o
                0x080010c4                DS18B20_Read
 .text.DS18B20_Start_Conversion
                0x08001138       0x18 ./Core/Src/ds18b20.o
                0x08001138                DS18B20_Start_Conversion
 .text.DS18B20_Read_Temperature
                0x08001150       0x6c ./Core/Src/ds18b20.o
                0x08001150                DS18B20_Read_Temperature
 .text.main     0x080011bc       0x88 ./Core/Src/main.o
                0x080011bc                main
 .text.SystemClock_Config
                0x08001244       0xb6 ./Core/Src/main.o
                0x08001244                SystemClock_Config
 *fill*         0x080012fa        0x2 
 .text.MX_ADC1_Init
                0x080012fc       0x7c ./Core/Src/main.o
 .text.MX_CAN_Init
                0x08001378       0x6c ./Core/Src/main.o
 .text.MX_TIM2_Init
                0x080013e4       0x98 ./Core/Src/main.o
 .text.MX_TIM4_Init
                0x0800147c       0x9c ./Core/Src/main.o
 .text.MX_GPIO_Init
                0x08001518       0xd8 ./Core/Src/main.o
 .text.Error_Handler
                0x080015f0        0xc ./Core/Src/main.o
                0x080015f0                Error_Handler
 .text.HAL_MspInit
                0x080015fc       0x64 ./Core/Src/stm32f1xx_hal_msp.o
                0x080015fc                HAL_MspInit
 .text.HAL_ADC_MspInit
                0x08001660       0x88 ./Core/Src/stm32f1xx_hal_msp.o
                0x08001660                HAL_ADC_MspInit
 .text.HAL_CAN_MspInit
                0x080016e8       0xd0 ./Core/Src/stm32f1xx_hal_msp.o
                0x080016e8                HAL_CAN_MspInit
 .text.HAL_TIM_Base_MspInit
                0x080017b8       0x70 ./Core/Src/stm32f1xx_hal_msp.o
                0x080017b8                HAL_TIM_Base_MspInit
 .text.NMI_Handler
                0x08001828        0x8 ./Core/Src/stm32f1xx_it.o
                0x08001828                NMI_Handler
 .text.HardFault_Handler
                0x08001830        0x8 ./Core/Src/stm32f1xx_it.o
                0x08001830                HardFault_Handler
 .text.MemManage_Handler
                0x08001838        0x8 ./Core/Src/stm32f1xx_it.o
                0x08001838                MemManage_Handler
 .text.BusFault_Handler
                0x08001840        0x8 ./Core/Src/stm32f1xx_it.o
                0x08001840                BusFault_Handler
 .text.UsageFault_Handler
                0x08001848        0x8 ./Core/Src/stm32f1xx_it.o
                0x08001848                UsageFault_Handler
 .text.SVC_Handler
                0x08001850        0xc ./Core/Src/stm32f1xx_it.o
                0x08001850                SVC_Handler
 .text.DebugMon_Handler
                0x0800185c        0xc ./Core/Src/stm32f1xx_it.o
                0x0800185c                DebugMon_Handler
 .text.PendSV_Handler
                0x08001868        0xc ./Core/Src/stm32f1xx_it.o
                0x08001868                PendSV_Handler
 .text.SysTick_Handler
                0x08001874       0x30 ./Core/Src/stm32f1xx_it.o
                0x08001874                SysTick_Handler
 .text.ADC1_2_IRQHandler
                0x080018a4       0x14 ./Core/Src/stm32f1xx_it.o
                0x080018a4                ADC1_2_IRQHandler
 .text.USB_LP_CAN1_RX0_IRQHandler
                0x080018b8       0x14 ./Core/Src/stm32f1xx_it.o
                0x080018b8                USB_LP_CAN1_RX0_IRQHandler
 .text.TIM2_IRQHandler
                0x080018cc       0x14 ./Core/Src/stm32f1xx_it.o
                0x080018cc                TIM2_IRQHandler
 .text.SystemInit
                0x080018e0        0xc ./Core/Src/system_stm32f1xx.o
                0x080018e0                SystemInit
 .text.Reset_Handler
                0x080018ec       0x48 ./Core/Startup/startup_stm32f103c8tx.o
                0x080018ec                Reset_Handler
 .text.Default_Handler
                0x08001934        0x2 ./Core/Startup/startup_stm32f103c8tx.o
                0x08001934                RTC_Alarm_IRQHandler
                0x08001934                EXTI2_IRQHandler
                0x08001934                TIM1_CC_IRQHandler
                0x08001934                PVD_IRQHandler
                0x08001934                EXTI3_IRQHandler
                0x08001934                EXTI0_IRQHandler
                0x08001934                I2C2_EV_IRQHandler
                0x08001934                SPI1_IRQHandler
                0x08001934                TAMPER_IRQHandler
                0x08001934                DMA1_Channel4_IRQHandler
                0x08001934                USART3_IRQHandler
                0x08001934                RTC_IRQHandler
                0x08001934                DMA1_Channel7_IRQHandler
                0x08001934                CAN1_RX1_IRQHandler
                0x08001934                TIM4_IRQHandler
                0x08001934                I2C1_EV_IRQHandler
                0x08001934                DMA1_Channel6_IRQHandler
                0x08001934                TIM3_IRQHandler
                0x08001934                RCC_IRQHandler
                0x08001934                TIM1_TRG_COM_IRQHandler
                0x08001934                DMA1_Channel1_IRQHandler
                0x08001934                Default_Handler
                0x08001934                EXTI15_10_IRQHandler
                0x08001934                EXTI9_5_IRQHandler
                0x08001934                SPI2_IRQHandler
                0x08001934                DMA1_Channel5_IRQHandler
                0x08001934                EXTI4_IRQHandler
                0x08001934                USB_HP_CAN1_TX_IRQHandler
                0x08001934                DMA1_Channel3_IRQHandler
                0x08001934                TIM1_UP_IRQHandler
                0x08001934                WWDG_IRQHandler
                0x08001934                TIM1_BRK_IRQHandler
                0x08001934                EXTI1_IRQHandler
                0x08001934                USART2_IRQHandler
                0x08001934                I2C2_ER_IRQHandler
                0x08001934                DMA1_Channel2_IRQHandler
                0x08001934                CAN1_SCE_IRQHandler
                0x08001934                FLASH_IRQHandler
                0x08001934                USART1_IRQHandler
                0x08001934                I2C1_ER_IRQHandler
                0x08001934                USBWakeUp_IRQHandler
 *fill*         0x08001936        0x2 
 .text.HAL_Init
                0x08001938       0x2c ./Drivers/STM32F1xx_HAL_Driver/Src/stm32f1xx_hal.o
                0x08001938                HAL_Init
 .text.HAL_InitTick
                0x08001964       0x60 ./Drivers/STM32F1xx_HAL_Driver/Src/stm32f1xx_hal.o
                0x08001964                HAL_InitTick
 .text.HAL_IncTick
                0x080019c4       0x24 ./Drivers/STM32F1xx_HAL_Driver/Src/stm32f1xx_hal.o
                0x080019c4                HAL_IncTick
 .text.HAL_GetTick
                0x080019e8       0x14 ./Drivers/STM32F1xx_HAL_Driver/Src/stm32f1xx_hal.o
                0x080019e8                HAL_GetTick
 .text.HAL_ADC_Init
                0x080019fc      0x1b0 ./Drivers/STM32F1xx_HAL_Driver/Src/stm32f1xx_hal_adc.o
                0x080019fc                HAL_ADC_Init
 .text.HAL_ADC_Start
                0x08001bac      0x15c ./Drivers/STM32F1xx_HAL_Driver/Src/stm32f1xx_hal_adc.o
                0x08001bac                HAL_ADC_Start
 .text.HAL_ADC_Stop
                0x08001d08       0x58 ./Drivers/STM32F1xx_HAL_Driver/Src/stm32f1xx_hal_adc.o
                0x08001d08                HAL_ADC_Stop
 .text.HAL_ADC_PollForConversion
                0x08001d60      0x20c ./Drivers/STM32F1xx_HAL_Driver/Src/stm32f1xx_hal_adc.o
                0x08001d60                HAL_ADC_PollForConversion
 .text.HAL_ADC_GetValue
                0x08001f6c       0x18 ./Drivers/STM32F1xx_HAL_Driver/Src/stm32f1xx_hal_adc.o
                0x08001f6c                HAL_ADC_GetValue
 .text.HAL_ADC_IRQHandler
                0x08001f84      0x17e ./Drivers/STM32F1xx_HAL_Driver/Src/stm32f1xx_hal_adc.o
                0x08001f84                HAL_ADC_IRQHandler
 .text.HAL_ADC_ConvCpltCallback
                0x08002102       0x12 ./Drivers/STM32F1xx_HAL_Driver/Src/stm32f1xx_hal_adc.o
                0x08002102                HAL_ADC_ConvCpltCallback
 .text.HAL_ADC_LevelOutOfWindowCallback
                0x08002114       0x12 ./Drivers/STM32F1xx_HAL_Driver/Src/stm32f1xx_hal_adc.o
                0x08002114                HAL_ADC_LevelOutOfWindowCallback
 *fill*         0x08002126        0x2 
 .text.HAL_ADC_ConfigChannel
                0x08002128      0x1f0 ./Drivers/STM32F1xx_HAL_Driver/Src/stm32f1xx_hal_adc.o
                0x08002128                HAL_ADC_ConfigChannel
 .text.ADC_Enable
                0x08002318       0xb4 ./Drivers/STM32F1xx_HAL_Driver/Src/stm32f1xx_hal_adc.o
                0x08002318                ADC_Enable
 .text.ADC_ConversionStop_Disable
                0x080023cc       0x82 ./Drivers/STM32F1xx_HAL_Driver/Src/stm32f1xx_hal_adc.o
                0x080023cc                ADC_ConversionStop_Disable
 *fill*         0x0800244e        0x2 
 .text.HAL_ADCEx_Calibration_Start
                0x08002450      0x15c ./Drivers/STM32F1xx_HAL_Driver/Src/stm32f1xx_hal_adc_ex.o
                0x08002450                HAL_ADCEx_Calibration_Start
 .text.HAL_ADCEx_InjectedConvCpltCallback
                0x080025ac       0x12 ./Drivers/STM32F1xx_HAL_Driver/Src/stm32f1xx_hal_adc_ex.o
                0x080025ac                HAL_ADCEx_InjectedConvCpltCallback
 .text.HAL_CAN_Init
                0x080025be      0x1f6 ./Drivers/STM32F1xx_HAL_Driver/Src/stm32f1xx_hal_can.o
                0x080025be                HAL_CAN_Init
 .text.HAL_CAN_ConfigFilter
                0x080027b4      0x192 ./Drivers/STM32F1xx_HAL_Driver/Src/stm32f1xx_hal_can.o
                0x080027b4                HAL_CAN_ConfigFilter
 .text.HAL_CAN_Start
                0x08002946       0x88 ./Drivers/STM32F1xx_HAL_Driver/Src/stm32f1xx_hal_can.o
                0x08002946                HAL_CAN_Start
 .text.HAL_CAN_AddTxMessage
                0x080029ce      0x19e ./Drivers/STM32F1xx_HAL_Driver/Src/stm32f1xx_hal_can.o
                0x080029ce                HAL_CAN_AddTxMessage
 .text.HAL_CAN_GetTxMailboxesFreeLevel
                0x08002b6c       0x68 ./Drivers/STM32F1xx_HAL_Driver/Src/stm32f1xx_hal_can.o
                0x08002b6c                HAL_CAN_GetTxMailboxesFreeLevel
 .text.HAL_CAN_GetRxMessage
                0x08002bd4      0x242 ./Drivers/STM32F1xx_HAL_Driver/Src/stm32f1xx_hal_can.o
                0x08002bd4                HAL_CAN_GetRxMessage
 .text.HAL_CAN_ActivateNotification
                0x08002e16       0x4a ./Drivers/STM32F1xx_HAL_Driver/Src/stm32f1xx_hal_can.o
                0x08002e16                HAL_CAN_ActivateNotification
 .text.HAL_CAN_IRQHandler
                0x08002e60      0x36e ./Drivers/STM32F1xx_HAL_Driver/Src/stm32f1xx_hal_can.o
                0x08002e60                HAL_CAN_IRQHandler
 .text.HAL_CAN_TxMailbox0CompleteCallback
                0x080031ce       0x12 ./Drivers/STM32F1xx_HAL_Driver/Src/stm32f1xx_hal_can.o
                0x080031ce                HAL_CAN_TxMailbox0CompleteCallback
 .text.HAL_CAN_TxMailbox1CompleteCallback
                0x080031e0       0x12 ./Drivers/STM32F1xx_HAL_Driver/Src/stm32f1xx_hal_can.o
                0x080031e0                HAL_CAN_TxMailbox1CompleteCallback
 .text.HAL_CAN_TxMailbox2CompleteCallback
                0x080031f2       0x12 ./Drivers/STM32F1xx_HAL_Driver/Src/stm32f1xx_hal_can.o
                0x080031f2                HAL_CAN_TxMailbox2CompleteCallback
 .text.HAL_CAN_TxMailbox0AbortCallback
                0x08003204       0x12 ./Drivers/STM32F1xx_HAL_Driver/Src/stm32f1xx_hal_can.o
                0x08003204                HAL_CAN_TxMailbox0AbortCallback
 .text.HAL_CAN_TxMailbox1AbortCallback
                0x08003216       0x12 ./Drivers/STM32F1xx_HAL_Driver/Src/stm32f1xx_hal_can.o
                0x08003216                HAL_CAN_TxMailbox1AbortCallback
 .text.HAL_CAN_TxMailbox2AbortCallback
                0x08003228       0x12 ./Drivers/STM32F1xx_HAL_Driver/Src/stm32f1xx_hal_can.o
                0x08003228                HAL_CAN_TxMailbox2AbortCallback
 .text.HAL_CAN_RxFifo0FullCallback
                0x0800323a       0x12 ./Drivers/STM32F1xx_HAL_Driver/Src/stm32f1xx_hal_can.o
                0x0800323a                HAL_CAN_RxFifo0FullCallback
 .text.HAL_CAN_RxFifo1MsgPendingCallback
                0x0800324c       0x12 ./Drivers/STM32F1xx_HAL_Driver/Src/stm32f1xx_hal_can.o
                0x0800324c                HAL_CAN_RxFifo1MsgPendingCallback
 .text.HAL_CAN_RxFifo1FullCallback
                0x0800325e       0x12 ./Drivers/STM32F1xx_HAL_Driver/Src/stm32f1xx_hal_can.o
                0x0800325e                HAL_CAN_RxFifo1FullCallback
 .text.HAL_CAN_SleepCallback
                0x08003270       0x12 ./Drivers/STM32F1xx_HAL_Driver/Src/stm32f1xx_hal_can.o
                0x08003270                HAL_CAN_SleepCallback
 .text.HAL_CAN_WakeUpFromRxMsgCallback
                0x08003282       0x12 ./Drivers/STM32F1xx_HAL_Driver/Src/stm32f1xx_hal_can.o
                0x08003282                HAL_CAN_WakeUpFromRxMsgCallback
 .text.HAL_CAN_ErrorCallback
                0x08003294       0x12 ./Drivers/STM32F1xx_HAL_Driver/Src/stm32f1xx_hal_can.o
                0x08003294                HAL_CAN_ErrorCallback
 *fill*         0x080032a6        0x2 
 .text.__NVIC_SetPriorityGrouping
                0x080032a8       0x48 ./Drivers/STM32F1xx_HAL_Driver/Src/stm32f1xx_hal_cortex.o
 .text.__NVIC_GetPriorityGrouping
                0x080032f0       0x1c ./Drivers/STM32F1xx_HAL_Driver/Src/stm32f1xx_hal_cortex.o
 .text.__NVIC_EnableIRQ
                0x0800330c       0x38 ./Drivers/STM32F1xx_HAL_Driver/Src/stm32f1xx_hal_cortex.o
 .text.__NVIC_SetPriority
                0x08003344       0x54 ./Drivers/STM32F1xx_HAL_Driver/Src/stm32f1xx_hal_cortex.o
 .text.NVIC_EncodePriority
                0x08003398       0x64 ./Drivers/STM32F1xx_HAL_Driver/Src/stm32f1xx_hal_cortex.o
 .text.SysTick_Config
                0x080033fc       0x44 ./Drivers/STM32F1xx_HAL_Driver/Src/stm32f1xx_hal_cortex.o
 .text.HAL_NVIC_SetPriorityGrouping
                0x08003440       0x16 ./Drivers/STM32F1xx_HAL_Driver/Src/stm32f1xx_hal_cortex.o
                0x08003440                HAL_NVIC_SetPriorityGrouping
 .text.HAL_NVIC_SetPriority
                0x08003456       0x38 ./Drivers/STM32F1xx_HAL_Driver/Src/stm32f1xx_hal_cortex.o
                0x08003456                HAL_NVIC_SetPriority
 .text.HAL_NVIC_EnableIRQ
                0x0800348e       0x1c ./Drivers/STM32F1xx_HAL_Driver/Src/stm32f1xx_hal_cortex.o
                0x0800348e                HAL_NVIC_EnableIRQ
 .text.HAL_SYSTICK_Config
                0x080034aa       0x18 ./Drivers/STM32F1xx_HAL_Driver/Src/stm32f1xx_hal_cortex.o
                0x080034aa                HAL_SYSTICK_Config
 *fill*         0x080034c2        0x2 
 .text.HAL_GPIO_Init
                0x080034c4      0x308 ./Drivers/STM32F1xx_HAL_Driver/Src/stm32f1xx_hal_gpio.o
                0x080034c4                HAL_GPIO_Init
 .text.HAL_GPIO_ReadPin
                0x080037cc       0x2e ./Drivers/STM32F1xx_HAL_Driver/Src/stm32f1xx_hal_gpio.o
                0x080037cc                HAL_GPIO_ReadPin
 .text.HAL_GPIO_WritePin
                0x080037fa       0x30 ./Drivers/STM32F1xx_HAL_Driver/Src/stm32f1xx_hal_gpio.o
                0x080037fa                HAL_GPIO_WritePin
 .text.HAL_GPIO_TogglePin
                0x0800382a       0x32 ./Drivers/STM32F1xx_HAL_Driver/Src/stm32f1xx_hal_gpio.o
                0x0800382a                HAL_GPIO_TogglePin
 .text.HAL_RCC_OscConfig
                0x0800385c      0x504 ./Drivers/STM32F1xx_HAL_Driver/Src/stm32f1xx_hal_rcc.o
                0x0800385c                HAL_RCC_OscConfig
 .text.HAL_RCC_ClockConfig
                0x08003d60      0x1d4 ./Drivers/STM32F1xx_HAL_Driver/Src/stm32f1xx_hal_rcc.o
                0x08003d60                HAL_RCC_ClockConfig
 .text.HAL_RCC_GetSysClockFreq
                0x08003f34       0xa8 ./Drivers/STM32F1xx_HAL_Driver/Src/stm32f1xx_hal_rcc.o
                0x08003f34                HAL_RCC_GetSysClockFreq
 .text.HAL_RCC_GetHCLKFreq
                0x08003fdc       0x14 ./Drivers/STM32F1xx_HAL_Driver/Src/stm32f1xx_hal_rcc.o
                0x08003fdc                HAL_RCC_GetHCLKFreq
 .text.HAL_RCC_GetPCLK2Freq
                0x08003ff0       0x28 ./Drivers/STM32F1xx_HAL_Driver/Src/stm32f1xx_hal_rcc.o
                0x08003ff0                HAL_RCC_GetPCLK2Freq
 .text.RCC_Delay
                0x08004018       0x3c ./Drivers/STM32F1xx_HAL_Driver/Src/stm32f1xx_hal_rcc.o
 .text.HAL_RCCEx_PeriphCLKConfig
                0x08004054      0x16c ./Drivers/STM32F1xx_HAL_Driver/Src/stm32f1xx_hal_rcc_ex.o
                0x08004054                HAL_RCCEx_PeriphCLKConfig
 .text.HAL_RCCEx_GetPeriphCLKFreq
                0x080041c0      0x16c ./Drivers/STM32F1xx_HAL_Driver/Src/stm32f1xx_hal_rcc_ex.o
                0x080041c0                HAL_RCCEx_GetPeriphCLKFreq
 .text.HAL_TIM_Base_Init
                0x0800432c       0x9e ./Drivers/STM32F1xx_HAL_Driver/Src/stm32f1xx_hal_tim.o
                0x0800432c                HAL_TIM_Base_Init
 *fill*         0x080043ca        0x2 
 .text.HAL_TIM_Base_Start
                0x080043cc       0x94 ./Drivers/STM32F1xx_HAL_Driver/Src/stm32f1xx_hal_tim.o
                0x080043cc                HAL_TIM_Base_Start
 .text.HAL_TIM_IRQHandler
                0x08004460      0x1e0 ./Drivers/STM32F1xx_HAL_Driver/Src/stm32f1xx_hal_tim.o
                0x08004460                HAL_TIM_IRQHandler
 .text.HAL_TIM_ConfigClockSource
                0x08004640      0x18e ./Drivers/STM32F1xx_HAL_Driver/Src/stm32f1xx_hal_tim.o
                0x08004640                HAL_TIM_ConfigClockSource
 .text.HAL_TIM_PeriodElapsedCallback
                0x080047ce       0x12 ./Drivers/STM32F1xx_HAL_Driver/Src/stm32f1xx_hal_tim.o
                0x080047ce                HAL_TIM_PeriodElapsedCallback
 .text.HAL_TIM_OC_DelayElapsedCallback
                0x080047e0       0x12 ./Drivers/STM32F1xx_HAL_Driver/Src/stm32f1xx_hal_tim.o
                0x080047e0                HAL_TIM_OC_DelayElapsedCallback
 .text.HAL_TIM_IC_CaptureCallback
                0x080047f2       0x12 ./Drivers/STM32F1xx_HAL_Driver/Src/stm32f1xx_hal_tim.o
                0x080047f2                HAL_TIM_IC_CaptureCallback
 .text.HAL_TIM_PWM_PulseFinishedCallback
                0x08004804       0x12 ./Drivers/STM32F1xx_HAL_Driver/Src/stm32f1xx_hal_tim.o
                0x08004804                HAL_TIM_PWM_PulseFinishedCallback
 .text.HAL_TIM_TriggerCallback
                0x08004816       0x12 ./Drivers/STM32F1xx_HAL_Driver/Src/stm32f1xx_hal_tim.o
                0x08004816                HAL_TIM_TriggerCallback
 .text.TIM_Base_SetConfig
                0x08004828       0xdc ./Drivers/STM32F1xx_HAL_Driver/Src/stm32f1xx_hal_tim.o
                0x08004828                TIM_Base_SetConfig
 .text.TIM_TI1_ConfigInputStage
                0x08004904       0x5c ./Drivers/STM32F1xx_HAL_Driver/Src/stm32f1xx_hal_tim.o
 .text.TIM_TI2_ConfigInputStage
                0x08004960       0x5e ./Drivers/STM32F1xx_HAL_Driver/Src/stm32f1xx_hal_tim.o
 .text.TIM_ITRx_SetConfig
                0x080049be       0x34 ./Drivers/STM32F1xx_HAL_Driver/Src/stm32f1xx_hal_tim.o
 .text.TIM_ETR_SetConfig
                0x080049f2       0x3e ./Drivers/STM32F1xx_HAL_Driver/Src/stm32f1xx_hal_tim.o
                0x080049f2                TIM_ETR_SetConfig
 .text.HAL_TIMEx_MasterConfigSynchronization
                0x08004a30       0xbc ./Drivers/STM32F1xx_HAL_Driver/Src/stm32f1xx_hal_tim_ex.o
                0x08004a30                HAL_TIMEx_MasterConfigSynchronization
 .text.HAL_TIMEx_CommutCallback
                0x08004aec       0x12 ./Drivers/STM32F1xx_HAL_Driver/Src/stm32f1xx_hal_tim_ex.o
                0x08004aec                HAL_TIMEx_CommutCallback
 .text.HAL_TIMEx_BreakCallback
                0x08004afe       0x12 ./Drivers/STM32F1xx_HAL_Driver/Src/stm32f1xx_hal_tim_ex.o
                0x08004afe                HAL_TIMEx_BreakCallback
 .text.memset   0x08004b10       0x10 D:/down/STM32CubeIDE_1.19.0/STM32CubeIDE/plugins/com.st.stm32cube.ide.mcu.externaltools.gnu-tools-for-stm32.13.3.rel1.win32_1.0.0.202411081344/tools/bin/../lib/gcc/arm-none-eabi/13.3.1/../../../../arm-none-eabi/lib/thumb/v7-m/nofp\libc_nano.a(libc_a-memset.o)
                0x08004b10                memset
 .text.__libc_init_array
                0x08004b20       0x48 D:/down/STM32CubeIDE_1.19.0/STM32CubeIDE/plugins/com.st.stm32cube.ide.mcu.externaltools.gnu-tools-for-stm32.13.3.rel1.win32_1.0.0.202411081344/tools/bin/../lib/gcc/arm-none-eabi/13.3.1/../../../../arm-none-eabi/lib/thumb/v7-m/nofp\libc_nano.a(libc_a-init.o)
                0x08004b20                __libc_init_array
 *(.glue_7)
 .glue_7        0x08004b68        0x0 linker stubs
 *(.glue_7t)
 .glue_7t       0x08004b68        0x0 linker stubs
 *(.eh_frame)
 .eh_frame      0x08004b68        0x0 D:/down/STM32CubeIDE_1.19.0/STM32CubeIDE/plugins/com.st.stm32cube.ide.mcu.externaltools.gnu-tools-for-stm32.13.3.rel1.win32_1.0.0.202411081344/tools/bin/../lib/gcc/arm-none-eabi/13.3.1/thumb/v7-m/nofp/crtbegin.o
 *(.init)
 .init          0x08004b68        0x4 D:/down/STM32CubeIDE_1.19.0/STM32CubeIDE/plugins/com.st.stm32cube.ide.mcu.externaltools.gnu-tools-for-stm32.13.3.rel1.win32_1.0.0.202411081344/tools/bin/../lib/gcc/arm-none-eabi/13.3.1/thumb/v7-m/nofp/crti.o
                0x08004b68                _init
 .init          0x08004b6c        0x8 D:/down/STM32CubeIDE_1.19.0/STM32CubeIDE/plugins/com.st.stm32cube.ide.mcu.externaltools.gnu-tools-for-stm32.13.3.rel1.win32_1.0.0.202411081344/tools/bin/../lib/gcc/arm-none-eabi/13.3.1/thumb/v7-m/nofp/crtn.o
 *(.fini)
 .fini          0x08004b74        0x4 D:/down/STM32CubeIDE_1.19.0/STM32CubeIDE/plugins/com.st.stm32cube.ide.mcu.externaltools.gnu-tools-for-stm32.13.3.rel1.win32_1.0.0.202411081344/tools/bin/../lib/gcc/arm-none-eabi/13.3.1/thumb/v7-m/nofp/crti.o
                0x08004b74                _fini
 .fini          0x08004b78        0x8 D:/down/STM32CubeIDE_1.19.0/STM32CubeIDE/plugins/com.st.stm32cube.ide.mcu.externaltools.gnu-tools-for-stm32.13.3.rel1.win32_1.0.0.202411081344/tools/bin/../lib/gcc/arm-none-eabi/13.3.1/thumb/v7-m/nofp/crtn.o
                0x08004b80                        . = ALIGN (0x4)
                0x08004b80                        _etext = .

.vfp11_veneer   0x08004b80        0x0
 .vfp11_veneer  0x08004b80        0x0 linker stubs

.v4_bx          0x08004b80        0x0
 .v4_bx         0x08004b80        0x0 linker stubs

.iplt           0x08004b80        0x0
 .iplt          0x08004b80        0x0 D:/down/STM32CubeIDE_1.19.0/STM32CubeIDE/plugins/com.st.stm32cube.ide.mcu.externaltools.gnu-tools-for-stm32.13.3.rel1.win32_1.0.0.202411081344/tools/bin/../lib/gcc/arm-none-eabi/13.3.1/thumb/v7-m/nofp/crtbegin.o

.rodata         0x08004b80       0x40
                0x08004b80                        . = ALIGN (0x4)
 *(.rodata)
 *(.rodata*)
 .rodata.AHBPrescTable
                0x08004b80       0x10 ./Core/Src/system_stm32f1xx.o
                0x08004b80                AHBPrescTable
 .rodata.APBPrescTable
                0x08004b90        0x8 ./Core/Src/system_stm32f1xx.o
                0x08004b90                APBPrescTable
 .rodata.aPLLMULFactorTable.1
                0x08004b98       0x10 ./Drivers/STM32F1xx_HAL_Driver/Src/stm32f1xx_hal_rcc.o
 .rodata.aPredivFactorTable.0
                0x08004ba8        0x2 ./Drivers/STM32F1xx_HAL_Driver/Src/stm32f1xx_hal_rcc.o
 *fill*         0x08004baa        0x2 
 .rodata.aPLLMULFactorTable.1
                0x08004bac       0x10 ./Drivers/STM32F1xx_HAL_Driver/Src/stm32f1xx_hal_rcc_ex.o
 .rodata.aPredivFactorTable.0
                0x08004bbc        0x2 ./Drivers/STM32F1xx_HAL_Driver/Src/stm32f1xx_hal_rcc_ex.o
                0x08004bc0                        . = ALIGN (0x4)
 *fill*         0x08004bbe        0x2 

.ARM.extab      0x08004bc0        0x0
                0x08004bc0                        . = ALIGN (0x4)
 *(.ARM.extab* .gnu.linkonce.armextab.*)
                0x08004bc0                        . = ALIGN (0x4)

.ARM            0x08004bc0        0x0
                0x08004bc0                        . = ALIGN (0x4)
                0x08004bc0                        __exidx_start = .
 *(.ARM.exidx*)
                0x08004bc0                        __exidx_end = .
                0x08004bc0                        . = ALIGN (0x4)

.preinit_array  0x08004bc0        0x0
                0x08004bc0                        . = ALIGN (0x4)
                0x08004bc0                        PROVIDE (__preinit_array_start = .)
 *(.preinit_array*)
                0x08004bc0                        PROVIDE (__preinit_array_end = .)
                0x08004bc0                        . = ALIGN (0x4)

.init_array     0x08004bc0        0x4
                0x08004bc0                        . = ALIGN (0x4)
                0x08004bc0                        PROVIDE (__init_array_start = .)
 *(SORT_BY_NAME(.init_array.*))
 *(.init_array*)
 .init_array    0x08004bc0        0x4 D:/down/STM32CubeIDE_1.19.0/STM32CubeIDE/plugins/com.st.stm32cube.ide.mcu.externaltools.gnu-tools-for-stm32.13.3.rel1.win32_1.0.0.202411081344/tools/bin/../lib/gcc/arm-none-eabi/13.3.1/thumb/v7-m/nofp/crtbegin.o
                0x08004bc4                        PROVIDE (__init_array_end = .)
                0x08004bc4                        . = ALIGN (0x4)

.fini_array     0x08004bc4        0x4
                0x08004bc4                        . = ALIGN (0x4)
                [!provide]                        PROVIDE (__fini_array_start = .)
 *(SORT_BY_NAME(.fini_array.*))
 *(.fini_array*)
 .fini_array    0x08004bc4        0x4 D:/down/STM32CubeIDE_1.19.0/STM32CubeIDE/plugins/com.st.stm32cube.ide.mcu.externaltools.gnu-tools-for-stm32.13.3.rel1.win32_1.0.0.202411081344/tools/bin/../lib/gcc/arm-none-eabi/13.3.1/thumb/v7-m/nofp/crtbegin.o
                [!provide]                        PROVIDE (__fini_array_end = .)
                0x08004bc8                        . = ALIGN (0x4)
                0x08004bc8                        _sidata = LOADADDR (.data)

.rel.dyn        0x08004bc8        0x0
 .rel.iplt      0x08004bc8        0x0 D:/down/STM32CubeIDE_1.19.0/STM32CubeIDE/plugins/com.st.stm32cube.ide.mcu.externaltools.gnu-tools-for-stm32.13.3.rel1.win32_1.0.0.202411081344/tools/bin/../lib/gcc/arm-none-eabi/13.3.1/thumb/v7-m/nofp/crtbegin.o

.data           0x20000000       0x10 load address 0x08004bc8
                0x20000000                        . = ALIGN (0x4)
                0x20000000                        _sdata = .
 *(.data)
 *(.data*)
 .data.Head_Index
                0x20000000        0x1 ./Core/Src/Scheduler.o
 *fill*         0x20000001        0x3 
 .data.SystemCoreClock
                0x20000004        0x4 ./Core/Src/system_stm32f1xx.o
                0x20000004                SystemCoreClock
 .data.uwTickPrio
                0x20000008        0x4 ./Drivers/STM32F1xx_HAL_Driver/Src/stm32f1xx_hal.o
                0x20000008                uwTickPrio
 .data.uwTickFreq
                0x2000000c        0x1 ./Drivers/STM32F1xx_HAL_Driver/Src/stm32f1xx_hal.o
                0x2000000c                uwTickFreq
 *(.RamFunc)
 *(.RamFunc*)
                0x20000010                        . = ALIGN (0x4)
 *fill*         0x2000000d        0x3 
                0x20000010                        _edata = .

.igot.plt       0x20000010        0x0 load address 0x08004bd8
 .igot.plt      0x20000010        0x0 D:/down/STM32CubeIDE_1.19.0/STM32CubeIDE/plugins/com.st.stm32cube.ide.mcu.externaltools.gnu-tools-for-stm32.13.3.rel1.win32_1.0.0.202411081344/tools/bin/../lib/gcc/arm-none-eabi/13.3.1/thumb/v7-m/nofp/crtbegin.o
                0x20000010                        . = ALIGN (0x4)

.bss            0x20000010      0x1ec load address 0x08004bd8
                0x20000010                        _sbss = .
                0x20000010                        __bss_start__ = _sbss
 *(.bss)
 .bss           0x20000010       0x1c D:/down/STM32CubeIDE_1.19.0/STM32CubeIDE/plugins/com.st.stm32cube.ide.mcu.externaltools.gnu-tools-for-stm32.13.3.rel1.win32_1.0.0.202411081344/tools/bin/../lib/gcc/arm-none-eabi/13.3.1/thumb/v7-m/nofp/crtbegin.o
 *(.bss*)
 .bss.g_dbg_adc_avg
                0x2000002c        0x4 ./Core/Src/BMS_ADC.o
                0x2000002c                g_dbg_adc_avg
 .bss.g_dbg_v_computed
                0x20000030        0x4 ./Core/Src/BMS_ADC.o
                0x20000030                g_dbg_v_computed
 .bss.s_hadc    0x20000034        0x4 ./Core/Src/BMS_ADC.o
 .bss.TxHeader  0x20000038       0x18 ./Core/Src/BMS_CAN.o
 .bss.TxMailbox
                0x20000050        0x4 ./Core/Src/BMS_CAN.o
 .bss.s_hcan    0x20000054        0x4 ./Core/Src/BMS_CAN.o
 .bss.s_last_rx_tick
                0x20000058        0x4 ./Core/Src/BMS_CAN.o
 .bss.SCH_tasks_G
                0x2000005c       0xa0 ./Core/Src/Scheduler.o
                0x2000005c                SCH_tasks_G
 .bss.s_voltage_v
                0x200000fc        0x4 ./Core/Src/Shared_Data.o
 .bss.s_current_a
                0x20000100        0x4 ./Core/Src/Shared_Data.o
 .bss.s_temp_c  0x20000104        0x4 ./Core/Src/Shared_Data.o
 .bss.s_soc_pct
                0x20000108        0x1 ./Core/Src/Shared_Data.o
 .bss.s_faults_volt
                0x20000109        0x1 ./Core/Src/Shared_Data.o
 .bss.s_faults_temp
                0x2000010a        0x1 ./Core/Src/Shared_Data.o
 *fill*         0x2000010b        0x1 
 .bss.hadc1     0x2000010c       0x30 ./Core/Src/main.o
                0x2000010c                hadc1
 .bss.hcan      0x2000013c       0x28 ./Core/Src/main.o
                0x2000013c                hcan
 .bss.htim2     0x20000164       0x48 ./Core/Src/main.o
                0x20000164                htim2
 .bss.htim4     0x200001ac       0x48 ./Core/Src/main.o
                0x200001ac                htim4
 .bss.tick_count.0
                0x200001f4        0x1 ./Core/Src/stm32f1xx_it.o
 *fill*         0x200001f5        0x3 
 .bss.uwTick    0x200001f8        0x4 ./Drivers/STM32F1xx_HAL_Driver/Src/stm32f1xx_hal.o
                0x200001f8                uwTick
 *(COMMON)
                0x200001fc                        . = ALIGN (0x4)
                0x200001fc                        _ebss = .
                0x200001fc                        __bss_end__ = _ebss

._user_heap_stack
                0x200001fc      0x604 load address 0x08004bd8
                0x20000200                        . = ALIGN (0x8)
 *fill*         0x200001fc        0x4 
                [!provide]                        PROVIDE (end = .)
                0x20000200                        PROVIDE (_end = .)
                0x20000400                        . = (. + _Min_Heap_Size)
 *fill*         0x20000200      0x200 
                0x20000800                        . = (. + _Min_Stack_Size)
 *fill*         0x20000400      0x400 
                0x20000800                        . = ALIGN (0x8)

/DISCARD/
 libc.a(*)
 libm.a(*)
 libgcc.a(*)

.ARM.attributes
                0x00000000       0x29
 *(.ARM.attributes)
 .ARM.attributes
                0x00000000       0x1d D:/down/STM32CubeIDE_1.19.0/STM32CubeIDE/plugins/com.st.stm32cube.ide.mcu.externaltools.gnu-tools-for-stm32.13.3.rel1.win32_1.0.0.202411081344/tools/bin/../lib/gcc/arm-none-eabi/13.3.1/thumb/v7-m/nofp/crti.o
 .ARM.attributes
                0x0000001d       0x2d D:/down/STM32CubeIDE_1.19.0/STM32CubeIDE/plugins/com.st.stm32cube.ide.mcu.externaltools.gnu-tools-for-stm32.13.3.rel1.win32_1.0.0.202411081344/tools/bin/../lib/gcc/arm-none-eabi/13.3.1/thumb/v7-m/nofp/crtbegin.o
 .ARM.attributes
                0x0000004a       0x2d ./Core/Src/BMS_ADC.o
 .ARM.attributes
                0x00000077       0x2d ./Core/Src/BMS_CAN.o
 .ARM.attributes
                0x000000a4       0x2d ./Core/Src/Scheduler.o
 .ARM.attributes
                0x000000d1       0x2d ./Core/Src/Shared_Data.o
 .ARM.attributes
                0x000000fe       0x2d ./Core/Src/Task_CAN.o
 .ARM.attributes
                0x0000012b       0x2d ./Core/Src/Task_Temperature.o
 .ARM.attributes
                0x00000158       0x2d ./Core/Src/Task_Voltage.o
 .ARM.attributes
                0x00000185       0x2d ./Core/Src/ds18b20.o
 .ARM.attributes
                0x000001b2       0x2d ./Core/Src/main.o
 .ARM.attributes
                0x000001df       0x2d ./Core/Src/stm32f1xx_hal_msp.o
 .ARM.attributes
                0x0000020c       0x2d ./Core/Src/stm32f1xx_it.o
 .ARM.attributes
                0x00000239       0x2d ./Core/Src/system_stm32f1xx.o
 .ARM.attributes
                0x00000266       0x21 ./Core/Startup/startup_stm32f103c8tx.o
 .ARM.attributes
                0x00000287       0x2d ./Drivers/STM32F1xx_HAL_Driver/Src/stm32f1xx_hal.o
 .ARM.attributes
                0x000002b4       0x2d ./Drivers/STM32F1xx_HAL_Driver/Src/stm32f1xx_hal_adc.o
 .ARM.attributes
                0x000002e1       0x2d ./Drivers/STM32F1xx_HAL_Driver/Src/stm32f1xx_hal_adc_ex.o
 .ARM.attributes
                0x0000030e       0x2d ./Drivers/STM32F1xx_HAL_Driver/Src/stm32f1xx_hal_can.o
 .ARM.attributes
                0x0000033b       0x2d ./Drivers/STM32F1xx_HAL_Driver/Src/stm32f1xx_hal_cortex.o
 .ARM.attributes
                0x00000368       0x2d ./Drivers/STM32F1xx_HAL_Driver/Src/stm32f1xx_hal_gpio.o
 .ARM.attributes
                0x00000395       0x2d ./Drivers/STM32F1xx_HAL_Driver/Src/stm32f1xx_hal_rcc.o
 .ARM.attributes
                0x000003c2       0x2d ./Drivers/STM32F1xx_HAL_Driver/Src/stm32f1xx_hal_rcc_ex.o
 .ARM.attributes
                0x000003ef       0x2d ./Drivers/STM32F1xx_HAL_Driver/Src/stm32f1xx_hal_tim.o
 .ARM.attributes
                0x0000041c       0x2d ./Drivers/STM32F1xx_HAL_Driver/Src/stm32f1xx_hal_tim_ex.o
 .ARM.attributes
                0x00000449       0x2d D:/down/STM32CubeIDE_1.19.0/STM32CubeIDE/plugins/com.st.stm32cube.ide.mcu.externaltools.gnu-tools-for-stm32.13.3.rel1.win32_1.0.0.202411081344/tools/bin/../lib/gcc/arm-none-eabi/13.3.1/../../../../arm-none-eabi/lib/thumb/v7-m/nofp\libc_nano.a(libc_a-memset.o)
 .ARM.attributes
                0x00000476       0x2d D:/down/STM32CubeIDE_1.19.0/STM32CubeIDE/plugins/com.st.stm32cube.ide.mcu.externaltools.gnu-tools-for-stm32.13.3.rel1.win32_1.0.0.202411081344/tools/bin/../lib/gcc/arm-none-eabi/13.3.1/../../../../arm-none-eabi/lib/thumb/v7-m/nofp\libc_nano.a(libc_a-init.o)
 .ARM.attributes
                0x000004a3       0x1d D:/down/STM32CubeIDE_1.19.0/STM32CubeIDE/plugins/com.st.stm32cube.ide.mcu.externaltools.gnu-tools-for-stm32.13.3.rel1.win32_1.0.0.202411081344/tools/bin/../lib/gcc/arm-none-eabi/13.3.1/thumb/v7-m/nofp\libgcc.a(_arm_addsubsf3.o)
 .ARM.attributes
                0x000004c0       0x1d D:/down/STM32CubeIDE_1.19.0/STM32CubeIDE/plugins/com.st.stm32cube.ide.mcu.externaltools.gnu-tools-for-stm32.13.3.rel1.win32_1.0.0.202411081344/tools/bin/../lib/gcc/arm-none-eabi/13.3.1/thumb/v7-m/nofp\libgcc.a(_arm_muldivsf3.o)
 .ARM.attributes
                0x000004dd       0x1d D:/down/STM32CubeIDE_1.19.0/STM32CubeIDE/plugins/com.st.stm32cube.ide.mcu.externaltools.gnu-tools-for-stm32.13.3.rel1.win32_1.0.0.202411081344/tools/bin/../lib/gcc/arm-none-eabi/13.3.1/thumb/v7-m/nofp\libgcc.a(_arm_cmpsf2.o)
 .ARM.attributes
                0x000004fa       0x1d D:/down/STM32CubeIDE_1.19.0/STM32CubeIDE/plugins/com.st.stm32cube.ide.mcu.externaltools.gnu-tools-for-stm32.13.3.rel1.win32_1.0.0.202411081344/tools/bin/../lib/gcc/arm-none-eabi/13.3.1/thumb/v7-m/nofp\libgcc.a(_arm_fixsfsi.o)
 .ARM.attributes
                0x00000517       0x1d D:/down/STM32CubeIDE_1.19.0/STM32CubeIDE/plugins/com.st.stm32cube.ide.mcu.externaltools.gnu-tools-for-stm32.13.3.rel1.win32_1.0.0.202411081344/tools/bin/../lib/gcc/arm-none-eabi/13.3.1/thumb/v7-m/nofp\libgcc.a(_arm_fixunssfsi.o)
 .ARM.attributes
                0x00000534       0x1d D:/down/STM32CubeIDE_1.19.0/STM32CubeIDE/plugins/com.st.stm32cube.ide.mcu.externaltools.gnu-tools-for-stm32.13.3.rel1.win32_1.0.0.202411081344/tools/bin/../lib/gcc/arm-none-eabi/13.3.1/thumb/v7-m/nofp/crtn.o
OUTPUT(BMS_SLAVE.elf elf32-littlearm)
LOAD linker stubs
LOAD D:/down/STM32CubeIDE_1.19.0/STM32CubeIDE/plugins/com.st.stm32cube.ide.mcu.externaltools.gnu-tools-for-stm32.13.3.rel1.win32_1.0.0.202411081344/tools/bin/../lib/gcc/arm-none-eabi/13.3.1/../../../../arm-none-eabi/lib/thumb/v7-m/nofp\libc.a
LOAD D:/down/STM32CubeIDE_1.19.0/STM32CubeIDE/plugins/com.st.stm32cube.ide.mcu.externaltools.gnu-tools-for-stm32.13.3.rel1.win32_1.0.0.202411081344/tools/bin/../lib/gcc/arm-none-eabi/13.3.1/../../../../arm-none-eabi/lib/thumb/v7-m/nofp\libm.a
LOAD D:/down/STM32CubeIDE_1.19.0/STM32CubeIDE/plugins/com.st.stm32cube.ide.mcu.externaltools.gnu-tools-for-stm32.13.3.rel1.win32_1.0.0.202411081344/tools/bin/../lib/gcc/arm-none-eabi/13.3.1/thumb/v7-m/nofp\libgcc.a

.debug_info     0x00000000     0xda36
 .debug_info    0x00000000      0x615 ./Core/Src/BMS_ADC.o
 .debug_info    0x00000615      0x80a ./Core/Src/BMS_CAN.o
 .debug_info    0x00000e1f      0x2c3 ./Core/Src/Scheduler.o
 .debug_info    0x000010e2      0x291 ./Core/Src/Shared_Data.o
 .debug_info    0x00001373      0x24e ./Core/Src/Task_CAN.o
 .debug_info    0x000015c1       0xfb ./Core/Src/Task_Temperature.o
 .debug_info    0x000016bc       0xeb ./Core/Src/Task_Voltage.o
 .debug_info    0x000017a7      0x87d ./Core/Src/ds18b20.o
 .debug_info    0x00002024     0x1393 ./Core/Src/main.o
 .debug_info    0x000033b7     0x113a ./Core/Src/stm32f1xx_hal_msp.o
 .debug_info    0x000044f1      0xcc1 ./Core/Src/stm32f1xx_it.o
 .debug_info    0x000051b2      0x222 ./Core/Src/system_stm32f1xx.o
 .debug_info    0x000053d4       0x30 ./Core/Startup/startup_stm32f103c8tx.o
 .debug_info    0x00005404      0x704 ./Drivers/STM32F1xx_HAL_Driver/Src/stm32f1xx_hal.o
 .debug_info    0x00005b08      0xc50 ./Drivers/STM32F1xx_HAL_Driver/Src/stm32f1xx_hal_adc.o
 .debug_info    0x00006758      0xa10 ./Drivers/STM32F1xx_HAL_Driver/Src/stm32f1xx_hal_adc_ex.o
 .debug_info    0x00007168      0xf13 ./Drivers/STM32F1xx_HAL_Driver/Src/stm32f1xx_hal_can.o
 .debug_info    0x0000807b      0xa87 ./Drivers/STM32F1xx_HAL_Driver/Src/stm32f1xx_hal_cortex.o
 .debug_info    0x00008b02      0x5ab ./Drivers/STM32F1xx_HAL_Driver/Src/stm32f1xx_hal_gpio.o
 .debug_info    0x000090ad      0x7d5 ./Drivers/STM32F1xx_HAL_Driver/Src/stm32f1xx_hal_rcc.o
 .debug_info    0x00009882      0x3c0 ./Drivers/STM32F1xx_HAL_Driver/Src/stm32f1xx_hal_rcc_ex.o
 .debug_info    0x00009c42     0x2959 ./Drivers/STM32F1xx_HAL_Driver/Src/stm32f1xx_hal_tim.o
 .debug_info    0x0000c59b     0x149b ./Drivers/STM32F1xx_HAL_Driver/Src/stm32f1xx_hal_tim_ex.o

.debug_abbrev   0x00000000     0x2a77
 .debug_abbrev  0x00000000      0x1c3 ./Core/Src/BMS_ADC.o
 .debug_abbrev  0x000001c3      0x1e1 ./Core/Src/BMS_CAN.o
 .debug_abbrev  0x000003a4      0x153 ./Core/Src/Scheduler.o
 .debug_abbrev  0x000004f7      0x15d ./Core/Src/Shared_Data.o
 .debug_abbrev  0x00000654      0x123 ./Core/Src/Task_CAN.o
 .debug_abbrev  0x00000777       0xb3 ./Core/Src/Task_Temperature.o
 .debug_abbrev  0x0000082a       0xa7 ./Core/Src/Task_Voltage.o
 .debug_abbrev  0x000008d1      0x233 ./Core/Src/ds18b20.o
 .debug_abbrev  0x00000b04      0x31f ./Core/Src/main.o
 .debug_abbrev  0x00000e23      0x246 ./Core/Src/stm32f1xx_hal_msp.o
 .debug_abbrev  0x00001069      0x22a ./Core/Src/stm32f1xx_it.o
 .debug_abbrev  0x00001293      0x13f ./Core/Src/system_stm32f1xx.o
 .debug_abbrev  0x000013d2       0x24 ./Core/Startup/startup_stm32f103c8tx.o
 .debug_abbrev  0x000013f6      0x201 ./Drivers/STM32F1xx_HAL_Driver/Src/stm32f1xx_hal.o
 .debug_abbrev  0x000015f7      0x225 ./Drivers/STM32F1xx_HAL_Driver/Src/stm32f1xx_hal_adc.o
 .debug_abbrev  0x0000181c      0x249 ./Drivers/STM32F1xx_HAL_Driver/Src/stm32f1xx_hal_adc_ex.o
 .debug_abbrev  0x00001a65      0x21c ./Drivers/STM32F1xx_HAL_Driver/Src/stm32f1xx_hal_can.o
 .debug_abbrev  0x00001c81      0x2f8 ./Drivers/STM32F1xx_HAL_Driver/Src/stm32f1xx_hal_cortex.o
 .debug_abbrev  0x00001f79      0x1ca ./Drivers/STM32F1xx_HAL_Driver/Src/stm32f1xx_hal_gpio.o
 .debug_abbrev  0x00002143      0x2b3 ./Drivers/STM32F1xx_HAL_Driver/Src/stm32f1xx_hal_rcc.o
 .debug_abbrev  0x000023f6      0x188 ./Drivers/STM32F1xx_HAL_Driver/Src/stm32f1xx_hal_rcc_ex.o
 .debug_abbrev  0x0000257e      0x277 ./Drivers/STM32F1xx_HAL_Driver/Src/stm32f1xx_hal_tim.o
 .debug_abbrev  0x000027f5      0x282 ./Drivers/STM32F1xx_HAL_Driver/Src/stm32f1xx_hal_tim_ex.o

.debug_aranges  0x00000000      0xdd0
 .debug_aranges
                0x00000000       0x28 ./Core/Src/BMS_ADC.o
 .debug_aranges
                0x00000028       0x40 ./Core/Src/BMS_CAN.o
 .debug_aranges
                0x00000068       0x40 ./Core/Src/Scheduler.o
 .debug_aranges
                0x000000a8       0x30 ./Core/Src/Shared_Data.o
 .debug_aranges
                0x000000d8       0x20 ./Core/Src/Task_CAN.o
 .debug_aranges
                0x000000f8       0x20 ./Core/Src/Task_Temperature.o
 .debug_aranges
                0x00000118       0x20 ./Core/Src/Task_Voltage.o
 .debug_aranges
                0x00000138       0x50 ./Core/Src/ds18b20.o
 .debug_aranges
                0x00000188       0x58 ./Core/Src/main.o
 .debug_aranges
                0x000001e0       0x50 ./Core/Src/stm32f1xx_hal_msp.o
 .debug_aranges
                0x00000230       0x78 ./Core/Src/stm32f1xx_it.o
 .debug_aranges
                0x000002a8       0x28 ./Core/Src/system_stm32f1xx.o
 .debug_aranges
                0x000002d0       0x28 ./Core/Startup/startup_stm32f103c8tx.o
 .debug_aranges
                0x000002f8       0xe0 ./Drivers/STM32F1xx_HAL_Driver/Src/stm32f1xx_hal.o
 .debug_aranges
                0x000003d8       0xf0 ./Drivers/STM32F1xx_HAL_Driver/Src/stm32f1xx_hal_adc.o
 .debug_aranges
                0x000004c8       0x80 ./Drivers/STM32F1xx_HAL_Driver/Src/stm32f1xx_hal_adc_ex.o
 .debug_aranges
                0x00000548      0x138 ./Drivers/STM32F1xx_HAL_Driver/Src/stm32f1xx_hal_can.o
 .debug_aranges
                0x00000680      0x100 ./Drivers/STM32F1xx_HAL_Driver/Src/stm32f1xx_hal_cortex.o
 .debug_aranges
                0x00000780       0x58 ./Drivers/STM32F1xx_HAL_Driver/Src/stm32f1xx_hal_gpio.o
 .debug_aranges
                0x000007d8       0x90 ./Drivers/STM32F1xx_HAL_Driver/Src/stm32f1xx_hal_rcc.o
 .debug_aranges
                0x00000868       0x30 ./Drivers/STM32F1xx_HAL_Driver/Src/stm32f1xx_hal_rcc_ex.o
 .debug_aranges
                0x00000898      0x3d0 ./Drivers/STM32F1xx_HAL_Driver/Src/stm32f1xx_hal_tim.o
 .debug_aranges
                0x00000c68      0x168 ./Drivers/STM32F1xx_HAL_Driver/Src/stm32f1xx_hal_tim_ex.o

.debug_rnglists
                0x00000000      0xa8d
 .debug_rnglists
                0x00000000       0x1a ./Core/Src/BMS_ADC.o
 .debug_rnglists
                0x0000001a       0x2b ./Core/Src/BMS_CAN.o
 .debug_rnglists
                0x00000045       0x3d ./Core/Src/Scheduler.o
 .debug_rnglists
                0x00000082       0x20 ./Core/Src/Shared_Data.o
 .debug_rnglists
                0x000000a2       0x14 ./Core/Src/Task_CAN.o
 .debug_rnglists
                0x000000b6       0x13 ./Core/Src/Task_Temperature.o
 .debug_rnglists
                0x000000c9       0x13 ./Core/Src/Task_Voltage.o
 .debug_rnglists
                0x000000dc       0x37 ./Core/Src/ds18b20.o
 .debug_rnglists
                0x00000113       0x42 ./Core/Src/main.o
 .debug_rnglists
                0x00000155       0x39 ./Core/Src/stm32f1xx_hal_msp.o
 .debug_rnglists
                0x0000018e       0x55 ./Core/Src/stm32f1xx_it.o
 .debug_rnglists
                0x000001e3       0x1a ./Core/Src/system_stm32f1xx.o
 .debug_rnglists
                0x000001fd       0x19 ./Core/Startup/startup_stm32f103c8tx.o
 .debug_rnglists
                0x00000216       0xa3 ./Drivers/STM32F1xx_HAL_Driver/Src/stm32f1xx_hal.o
 .debug_rnglists
                0x000002b9       0xbc ./Drivers/STM32F1xx_HAL_Driver/Src/stm32f1xx_hal_adc.o
 .debug_rnglists
                0x00000375       0x65 ./Drivers/STM32F1xx_HAL_Driver/Src/stm32f1xx_hal_adc_ex.o
 .debug_rnglists
                0x000003da       0xed ./Drivers/STM32F1xx_HAL_Driver/Src/stm32f1xx_hal_can.o
 .debug_rnglists
                0x000004c7       0xbb ./Drivers/STM32F1xx_HAL_Driver/Src/stm32f1xx_hal_cortex.o
 .debug_rnglists
                0x00000582       0x3f ./Drivers/STM32F1xx_HAL_Driver/Src/stm32f1xx_hal_gpio.o
 .debug_rnglists
                0x000005c1       0x6c ./Drivers/STM32F1xx_HAL_Driver/Src/stm32f1xx_hal_rcc.o
 .debug_rnglists
                0x0000062d       0x21 ./Drivers/STM32F1xx_HAL_Driver/Src/stm32f1xx_hal_rcc_ex.o
 .debug_rnglists
                0x0000064e      0x31a ./Drivers/STM32F1xx_HAL_Driver/Src/stm32f1xx_hal_tim.o
 .debug_rnglists
                0x00000968      0x125 ./Drivers/STM32F1xx_HAL_Driver/Src/stm32f1xx_hal_tim_ex.o

.debug_macro    0x00000000    0x18912
 .debug_macro   0x00000000      0x1d3 ./Core/Src/BMS_ADC.o
 .debug_macro   0x000001d3      0xacc ./Core/Src/BMS_ADC.o
 .debug_macro   0x00000c9f      0x227 ./Core/Src/BMS_ADC.o
 .debug_macro   0x00000ec6       0x2e ./Core/Src/BMS_ADC.o
 .debug_macro   0x00000ef4       0x22 ./Core/Src/BMS_ADC.o
 .debug_macro   0x00000f16       0x22 ./Core/Src/BMS_ADC.o
 .debug_macro   0x00000f38       0x8e ./Core/Src/BMS_ADC.o
 .debug_macro   0x00000fc6       0x51 ./Core/Src/BMS_ADC.o
 .debug_macro   0x00001017      0x103 ./Core/Src/BMS_ADC.o
 .debug_macro   0x0000111a       0x6a ./Core/Src/BMS_ADC.o
 .debug_macro   0x00001184      0x1df ./Core/Src/BMS_ADC.o
 .debug_macro   0x00001363       0x1c ./Core/Src/BMS_ADC.o
 .debug_macro   0x0000137f       0x22 ./Core/Src/BMS_ADC.o
 .debug_macro   0x000013a1       0xbd ./Core/Src/BMS_ADC.o
 .debug_macro   0x0000145e      0xd23 ./Core/Src/BMS_ADC.o
 .debug_macro   0x00002181     0xe09e ./Core/Src/BMS_ADC.o
 .debug_macro   0x0001021f       0x6d ./Core/Src/BMS_ADC.o
 .debug_macro   0x0001028c     0x34a2 ./Core/Src/BMS_ADC.o
 .debug_macro   0x0001372e      0x190 ./Core/Src/BMS_ADC.o
 .debug_macro   0x000138be       0x5c ./Core/Src/BMS_ADC.o
 .debug_macro   0x0001391a      0x5bc ./Core/Src/BMS_ADC.o
 .debug_macro   0x00013ed6      0x289 ./Core/Src/BMS_ADC.o
 .debug_macro   0x0001415f      0x1cb ./Core/Src/BMS_ADC.o
 .debug_macro   0x0001432a      0x114 ./Core/Src/BMS_ADC.o
 .debug_macro   0x0001443e      0x1b2 ./Core/Src/BMS_ADC.o
 .debug_macro   0x000145f0       0x27 ./Core/Src/BMS_ADC.o
 .debug_macro   0x00014617      0x136 ./Core/Src/BMS_ADC.o
 .debug_macro   0x0001474d      0x1bc ./Core/Src/BMS_ADC.o
 .debug_macro   0x00014909       0x34 ./Core/Src/BMS_ADC.o
 .debug_macro   0x0001493d       0x3c ./Core/Src/BMS_ADC.o
 .debug_macro   0x00014979      0x408 ./Core/Src/BMS_ADC.o
 .debug_macro   0x00014d81       0x57 ./Core/Src/BMS_ADC.o
 .debug_macro   0x00014dd8      0x46a ./Core/Src/BMS_ADC.o
 .debug_macro   0x00015242      0x1b5 ./Core/Src/BMS_ADC.o
 .debug_macro   0x000153f7       0x87 ./Core/Src/BMS_ADC.o
 .debug_macro   0x0001547e      0x240 ./Core/Src/BMS_ADC.o
 .debug_macro   0x000156be      0x140 ./Core/Src/BMS_ADC.o
 .debug_macro   0x000157fe      0x8ed ./Core/Src/BMS_ADC.o
 .debug_macro   0x000160eb       0x83 ./Core/Src/BMS_ADC.o
 .debug_macro   0x0001616e       0x34 ./Core/Src/BMS_ADC.o
 .debug_macro   0x000161a2       0x2e ./Core/Src/BMS_ADC.o
 .debug_macro   0x000161d0      0x1ce ./Core/Src/BMS_CAN.o
 .debug_macro   0x0001639e      0x1d5 ./Core/Src/Scheduler.o
 .debug_macro   0x00016573       0x10 ./Core/Src/Scheduler.o
 .debug_macro   0x00016583       0x16 ./Core/Src/Scheduler.o
 .debug_macro   0x00016599      0x1d3 ./Core/Src/Shared_Data.o
 .debug_macro   0x0001676c       0x1c ./Core/Src/Shared_Data.o
 .debug_macro   0x00016788      0x1e3 ./Core/Src/Task_CAN.o
 .debug_macro   0x0001696b      0x1f0 ./Core/Src/Task_Temperature.o
 .debug_macro   0x00016b5b       0x16 ./Core/Src/Task_Temperature.o
 .debug_macro   0x00016b71      0x1e8 ./Core/Src/Task_Voltage.o
 .debug_macro   0x00016d59      0x1c6 ./Core/Src/ds18b20.o
 .debug_macro   0x00016f1f      0x23d ./Core/Src/main.o
 .debug_macro   0x0001715c       0x1c ./Core/Src/main.o
 .debug_macro   0x00017178       0x34 ./Core/Src/main.o
 .debug_macro   0x000171ac      0x1c6 ./Core/Src/stm32f1xx_hal_msp.o
 .debug_macro   0x00017372      0x1e3 ./Core/Src/stm32f1xx_it.o
 .debug_macro   0x00017555      0x1b7 ./Core/Src/system_stm32f1xx.o
 .debug_macro   0x0001770c      0x1db ./Drivers/STM32F1xx_HAL_Driver/Src/stm32f1xx_hal.o
 .debug_macro   0x000178e7      0x1d4 ./Drivers/STM32F1xx_HAL_Driver/Src/stm32f1xx_hal_adc.o
 .debug_macro   0x00017abb      0x1c9 ./Drivers/STM32F1xx_HAL_Driver/Src/stm32f1xx_hal_adc_ex.o
 .debug_macro   0x00017c84      0x1c6 ./Drivers/STM32F1xx_HAL_Driver/Src/stm32f1xx_hal_can.o
 .debug_macro   0x00017e4a      0x1b7 ./Drivers/STM32F1xx_HAL_Driver/Src/stm32f1xx_hal_cortex.o
 .debug_macro   0x00018001      0x222 ./Drivers/STM32F1xx_HAL_Driver/Src/stm32f1xx_hal_gpio.o
 .debug_macro   0x00018223      0x1c9 ./Drivers/STM32F1xx_HAL_Driver/Src/stm32f1xx_hal_rcc.o
 .debug_macro   0x000183ec      0x1b7 ./Drivers/STM32F1xx_HAL_Driver/Src/stm32f1xx_hal_rcc_ex.o
 .debug_macro   0x000185a3      0x1b8 ./Drivers/STM32F1xx_HAL_Driver/Src/stm32f1xx_hal_tim.o
 .debug_macro   0x0001875b      0x1b7 ./Drivers/STM32F1xx_HAL_Driver/Src/stm32f1xx_hal_tim_ex.o

.debug_line     0x00000000    0x1167b
 .debug_line    0x00000000      0x7a5 ./Core/Src/BMS_ADC.o
 .debug_line    0x000007a5      0x7f9 ./Core/Src/BMS_CAN.o
 .debug_line    0x00000f9e      0x930 ./Core/Src/Scheduler.o
 .debug_line    0x000018ce      0x7ba ./Core/Src/Shared_Data.o
 .debug_line    0x00002088      0x797 ./Core/Src/Task_CAN.o
 .debug_line    0x0000281f      0x784 ./Core/Src/Task_Temperature.o
 .debug_line    0x00002fa3      0x780 ./Core/Src/Task_Voltage.o
 .debug_line    0x00003723      0x86b ./Core/Src/ds18b20.o
 .debug_line    0x00003f8e      0x9ff ./Core/Src/main.o
 .debug_line    0x0000498d      0x831 ./Core/Src/stm32f1xx_hal_msp.o
 .debug_line    0x000051be      0x849 ./Core/Src/stm32f1xx_it.o
 .debug_line    0x00005a07      0x7b3 ./Core/Src/system_stm32f1xx.o
 .debug_line    0x000061ba       0x78 ./Core/Startup/startup_stm32f103c8tx.o
 .debug_line    0x00006232      0x9e4 ./Drivers/STM32F1xx_HAL_Driver/Src/stm32f1xx_hal.o
 .debug_line    0x00006c16     0x1009 ./Drivers/STM32F1xx_HAL_Driver/Src/stm32f1xx_hal_adc.o
 .debug_line    0x00007c1f      0xd2b ./Drivers/STM32F1xx_HAL_Driver/Src/stm32f1xx_hal_adc_ex.o
 .debug_line    0x0000894a     0x11dd ./Drivers/STM32F1xx_HAL_Driver/Src/stm32f1xx_hal_can.o
 .debug_line    0x00009b27      0xbae ./Drivers/STM32F1xx_HAL_Driver/Src/stm32f1xx_hal_cortex.o
 .debug_line    0x0000a6d5      0xa41 ./Drivers/STM32F1xx_HAL_Driver/Src/stm32f1xx_hal_gpio.o
 .debug_line    0x0000b116      0xe9d ./Drivers/STM32F1xx_HAL_Driver/Src/stm32f1xx_hal_rcc.o
 .debug_line    0x0000bfb3      0x94e ./Drivers/STM32F1xx_HAL_Driver/Src/stm32f1xx_hal_rcc_ex.o
 .debug_line    0x0000c901     0x34d2 ./Drivers/STM32F1xx_HAL_Driver/Src/stm32f1xx_hal_tim.o
 .debug_line    0x0000fdd3     0x18a8 ./Drivers/STM32F1xx_HAL_Driver/Src/stm32f1xx_hal_tim_ex.o

.debug_str      0x00000000    0x8c522
 .debug_str     0x00000000    0x8c522 ./Core/Src/BMS_ADC.o
                              0x88b4d (size before relaxing)
 .debug_str     0x0008c522    0x88bfc ./Core/Src/BMS_CAN.o
 .debug_str     0x0008c522    0x887a0 ./Core/Src/Scheduler.o
 .debug_str     0x0008c522    0x88854 ./Core/Src/Shared_Data.o
 .debug_str     0x0008c522    0x88842 ./Core/Src/Task_CAN.o
 .debug_str     0x0008c522    0x88805 ./Core/Src/Task_Temperature.o
 .debug_str     0x0008c522    0x88819 ./Core/Src/Task_Voltage.o
 .debug_str     0x0008c522    0x88caa ./Core/Src/ds18b20.o
 .debug_str     0x0008c522    0x896a0 ./Core/Src/main.o
 .debug_str     0x0008c522    0x892fc ./Core/Src/stm32f1xx_hal_msp.o
 .debug_str     0x0008c522    0x89007 ./Core/Src/stm32f1xx_it.o
 .debug_str     0x0008c522    0x886d3 ./Core/Src/system_stm32f1xx.o
 .debug_str     0x0008c522       0x62 ./Core/Startup/startup_stm32f103c8tx.o
 .debug_str     0x0008c522    0x88e06 ./Drivers/STM32F1xx_HAL_Driver/Src/stm32f1xx_hal.o
 .debug_str     0x0008c522    0x88db7 ./Drivers/STM32F1xx_HAL_Driver/Src/stm32f1xx_hal_adc.o
 .debug_str     0x0008c522    0x88d87 ./Drivers/STM32F1xx_HAL_Driver/Src/stm32f1xx_hal_adc_ex.o
 .debug_str     0x0008c522    0x88edb ./Drivers/STM32F1xx_HAL_Driver/Src/stm32f1xx_hal_can.o
 .debug_str     0x0008c522    0x88d52 ./Drivers/STM32F1xx_HAL_Driver/Src/stm32f1xx_hal_cortex.o
 .debug_str     0x0008c522    0x88a59 ./Drivers/STM32F1xx_HAL_Driver/Src/stm32f1xx_hal_gpio.o
 .debug_str     0x0008c522    0x88b02 ./Drivers/STM32F1xx_HAL_Driver/Src/stm32f1xx_hal_rcc.o
 .debug_str     0x0008c522    0x88852 ./Drivers/STM32F1xx_HAL_Driver/Src/stm32f1xx_hal_rcc_ex.o
 .debug_str     0x0008c522    0x89b04 ./Drivers/STM32F1xx_HAL_Driver/Src/stm32f1xx_hal_tim.o
 .debug_str     0x0008c522    0x89310 ./Drivers/STM32F1xx_HAL_Driver/Src/stm32f1xx_hal_tim_ex.o

.comment        0x00000000       0x43
 .comment       0x00000000       0x43 ./Core/Src/BMS_ADC.o
                                 0x44 (size before relaxing)
 .comment       0x00000043       0x44 ./Core/Src/BMS_CAN.o
 .comment       0x00000043       0x44 ./Core/Src/Scheduler.o
 .comment       0x00000043       0x44 ./Core/Src/Shared_Data.o
 .comment       0x00000043       0x44 ./Core/Src/Task_CAN.o
 .comment       0x00000043       0x44 ./Core/Src/Task_Temperature.o
 .comment       0x00000043       0x44 ./Core/Src/Task_Voltage.o
 .comment       0x00000043       0x44 ./Core/Src/ds18b20.o
 .comment       0x00000043       0x44 ./Core/Src/main.o
 .comment       0x00000043       0x44 ./Core/Src/stm32f1xx_hal_msp.o
 .comment       0x00000043       0x44 ./Core/Src/stm32f1xx_it.o
 .comment       0x00000043       0x44 ./Core/Src/system_stm32f1xx.o
 .comment       0x00000043       0x44 ./Drivers/STM32F1xx_HAL_Driver/Src/stm32f1xx_hal.o
 .comment       0x00000043       0x44 ./Drivers/STM32F1xx_HAL_Driver/Src/stm32f1xx_hal_adc.o
 .comment       0x00000043       0x44 ./Drivers/STM32F1xx_HAL_Driver/Src/stm32f1xx_hal_adc_ex.o
 .comment       0x00000043       0x44 ./Drivers/STM32F1xx_HAL_Driver/Src/stm32f1xx_hal_can.o
 .comment       0x00000043       0x44 ./Drivers/STM32F1xx_HAL_Driver/Src/stm32f1xx_hal_cortex.o
 .comment       0x00000043       0x44 ./Drivers/STM32F1xx_HAL_Driver/Src/stm32f1xx_hal_gpio.o
 .comment       0x00000043       0x44 ./Drivers/STM32F1xx_HAL_Driver/Src/stm32f1xx_hal_rcc.o
 .comment       0x00000043       0x44 ./Drivers/STM32F1xx_HAL_Driver/Src/stm32f1xx_hal_rcc_ex.o
 .comment       0x00000043       0x44 ./Drivers/STM32F1xx_HAL_Driver/Src/stm32f1xx_hal_tim.o
 .comment       0x00000043       0x44 ./Drivers/STM32F1xx_HAL_Driver/Src/stm32f1xx_hal_tim_ex.o

.debug_frame    0x00000000     0x38a0
 .debug_frame   0x00000000       0x5c ./Core/Src/BMS_ADC.o
 .debug_frame   0x0000005c       0xc4 ./Core/Src/BMS_CAN.o
 .debug_frame   0x00000120       0xc8 ./Core/Src/Scheduler.o
 .debug_frame   0x000001e8       0x88 ./Core/Src/Shared_Data.o
 .debug_frame   0x00000270       0x34 ./Core/Src/Task_CAN.o
 .debug_frame   0x000002a4       0x34 ./Core/Src/Task_Temperature.o
 .debug_frame   0x000002d8       0x34 ./Core/Src/Task_Voltage.o
 .debug_frame   0x0000030c      0x100 ./Core/Src/ds18b20.o
 .debug_frame   0x0000040c      0x118 ./Core/Src/main.o
 .debug_frame   0x00000524      0x110 ./Core/Src/stm32f1xx_hal_msp.o
 .debug_frame   0x00000634      0x158 ./Core/Src/stm32f1xx_it.o
 .debug_frame   0x0000078c       0x58 ./Core/Src/system_stm32f1xx.o
 .debug_frame   0x000007e4      0x334 ./Drivers/STM32F1xx_HAL_Driver/Src/stm32f1xx_hal.o
 .debug_frame   0x00000b18      0x40c ./Drivers/STM32F1xx_HAL_Driver/Src/stm32f1xx_hal_adc.o
 .debug_frame   0x00000f24      0x200 ./Drivers/STM32F1xx_HAL_Driver/Src/stm32f1xx_hal_adc_ex.o
 .debug_frame   0x00001124      0x5a0 ./Drivers/STM32F1xx_HAL_Driver/Src/stm32f1xx_hal_can.o
 .debug_frame   0x000016c4      0x428 ./Drivers/STM32F1xx_HAL_Driver/Src/stm32f1xx_hal_cortex.o
 .debug_frame   0x00001aec      0x14c ./Drivers/STM32F1xx_HAL_Driver/Src/stm32f1xx_hal_gpio.o
 .debug_frame   0x00001c38      0x218 ./Drivers/STM32F1xx_HAL_Driver/Src/stm32f1xx_hal_rcc.o
 .debug_frame   0x00001e50       0x80 ./Drivers/STM32F1xx_HAL_Driver/Src/stm32f1xx_hal_rcc_ex.o
 .debug_frame   0x00001ed0     0x11b8 ./Drivers/STM32F1xx_HAL_Driver/Src/stm32f1xx_hal_tim.o
 .debug_frame   0x00003088      0x638 ./Drivers/STM32F1xx_HAL_Driver/Src/stm32f1xx_hal_tim_ex.o
 .debug_frame   0x000036c0       0x20 D:/down/STM32CubeIDE_1.19.0/STM32CubeIDE/plugins/com.st.stm32cube.ide.mcu.externaltools.gnu-tools-for-stm32.13.3.rel1.win32_1.0.0.202411081344/tools/bin/../lib/gcc/arm-none-eabi/13.3.1/../../../../arm-none-eabi/lib/thumb/v7-m/nofp\libc_nano.a(libc_a-memset.o)
 .debug_frame   0x000036e0       0x2c D:/down/STM32CubeIDE_1.19.0/STM32CubeIDE/plugins/com.st.stm32cube.ide.mcu.externaltools.gnu-tools-for-stm32.13.3.rel1.win32_1.0.0.202411081344/tools/bin/../lib/gcc/arm-none-eabi/13.3.1/../../../../arm-none-eabi/lib/thumb/v7-m/nofp\libc_nano.a(libc_a-init.o)
 .debug_frame   0x0000370c       0x4c D:/down/STM32CubeIDE_1.19.0/STM32CubeIDE/plugins/com.st.stm32cube.ide.mcu.externaltools.gnu-tools-for-stm32.13.3.rel1.win32_1.0.0.202411081344/tools/bin/../lib/gcc/arm-none-eabi/13.3.1/thumb/v7-m/nofp\libgcc.a(_arm_addsubsf3.o)
 .debug_frame   0x00003758       0x38 D:/down/STM32CubeIDE_1.19.0/STM32CubeIDE/plugins/com.st.stm32cube.ide.mcu.externaltools.gnu-tools-for-stm32.13.3.rel1.win32_1.0.0.202411081344/tools/bin/../lib/gcc/arm-none-eabi/13.3.1/thumb/v7-m/nofp\libgcc.a(_arm_muldivsf3.o)
 .debug_frame   0x00003790       0xc8 D:/down/STM32CubeIDE_1.19.0/STM32CubeIDE/plugins/com.st.stm32cube.ide.mcu.externaltools.gnu-tools-for-stm32.13.3.rel1.win32_1.0.0.202411081344/tools/bin/../lib/gcc/arm-none-eabi/13.3.1/thumb/v7-m/nofp\libgcc.a(_arm_cmpsf2.o)
 .debug_frame   0x00003858       0x24 D:/down/STM32CubeIDE_1.19.0/STM32CubeIDE/plugins/com.st.stm32cube.ide.mcu.externaltools.gnu-tools-for-stm32.13.3.rel1.win32_1.0.0.202411081344/tools/bin/../lib/gcc/arm-none-eabi/13.3.1/thumb/v7-m/nofp\libgcc.a(_arm_fixsfsi.o)
 .debug_frame   0x0000387c       0x24 D:/down/STM32CubeIDE_1.19.0/STM32CubeIDE/plugins/com.st.stm32cube.ide.mcu.externaltools.gnu-tools-for-stm32.13.3.rel1.win32_1.0.0.202411081344/tools/bin/../lib/gcc/arm-none-eabi/13.3.1/thumb/v7-m/nofp\libgcc.a(_arm_fixunssfsi.o)

.debug_line_str
                0x00000000       0x46
 .debug_line_str
                0x00000000       0x46 ./Core/Startup/startup_stm32f103c8tx.o
